Ошибка не удалось получить список пользователей - Telegram server says - Bad Request: chat not found
Ошибка не удалось получить список пользователей - Telegram server says - Bad Request: chat not found
Ошибка не удалось получить список пользователей - Telegram server says - Bad Request: chat not found
Ошибка не удалось получить список пользователей - Telegram server says - Bad Request: chat not found
Ошибка не удалось получить список пользователей - Telegram server says - Bad Request: chat not found
Ошибка не удалось получить список пользователей - Telegram server says - Bad Request: chat not found
Ошибка не удалось получить список пользователей - Telegram server says - Bad Request: chat not found
